== building ==
== generating inputs ==
  medium -> /mnt/c/Users/lsirisetti/Desktop/Learning/College Projects/Distributed Systems/bouncing-balls-MPI/tests/bench/medium.in
  large -> /mnt/c/Users/lsirisetti/Desktop/Learning/College Projects/Distributed Systems/bouncing-balls-MPI/tests/bench/large.in
== benchmarking (REPS=3) ==
  medium sequential run=1  4.176576s
  medium sequential run=2  4.140298s
  medium sequential run=3  4.432024s
  medium parallel np=1 run=1  4.771270s
  medium parallel np=1 run=2  4.775199s
  medium parallel np=1 run=3  4.760346s
  medium parallel np=2 run=1  1.942190s
  medium parallel np=2 run=2  1.962150s
  medium parallel np=2 run=3  2.048479s
  medium parallel np=4 run=1  0.911335s
  medium parallel np=4 run=2  0.922289s
  medium parallel np=4 run=3  1.416780s
  medium parallel np=8 run=1  0.725547s
  medium parallel np=8 run=2  0.727946s
  medium parallel np=8 run=3  0.733333s
  large sequential run=1  10.857652s
  large sequential run=2  11.043133s
  large sequential run=3  11.084669s
  large parallel np=1 run=1  15.194729s
  large parallel np=1 run=2  16.987290s
  large parallel np=1 run=3  17.048327s
  large parallel np=2 run=1  7.139618s
  large parallel np=2 run=2  7.576395s
  large parallel np=2 run=3  7.481982s
  large parallel np=4 run=1  3.380800s
  large parallel np=4 run=2  3.598077s
  large parallel np=4 run=3  3.441228s
  large parallel np=8 run=1  2.013766s
  large parallel np=8 run=2  2.293619s
  large parallel np=8 run=3  2.315229s
== raw results -> /mnt/c/Users/lsirisetti/Desktop/Learning/College Projects/Distributed Systems/bouncing-balls-MPI/results/raw.csv ==
wrote /mnt/c/Users/lsirisetti/Desktop/Learning/College Projects/Distributed Systems/bouncing-balls-MPI/results/plots/runtime.svg
wrote /mnt/c/Users/lsirisetti/Desktop/Learning/College Projects/Distributed Systems/bouncing-balls-MPI/results/plots/speedup.svg
wrote /mnt/c/Users/lsirisetti/Desktop/Learning/College Projects/Distributed Systems/bouncing-balls-MPI/results/plots/efficiency.svg
